Archive member included to satisfy reference by file (symbol)

c:/program files (x86)/atmel/studio/7.0/toolchain/avr8/avr8-gnu-toolchain/bin/../lib/gcc/avr/5.4.0/avr5\libgcc.a(_exit.o)
                              C:/Program Files (x86)/Atmel/Studio/7.0/Packs/atmel/ATmega_DFP/1.7.374/gcc/dev/atmega169p/avr5/crtatmega169p.o (exit)
c:/program files (x86)/atmel/studio/7.0/toolchain/avr8/avr8-gnu-toolchain/bin/../lib/gcc/avr/5.4.0/avr5\libgcc.a(_copy_data.o)
                              Gui.o (__do_copy_data)
c:/program files (x86)/atmel/studio/7.0/toolchain/avr8/avr8-gnu-toolchain/bin/../lib/gcc/avr/5.4.0/avr5\libgcc.a(_clear_bss.o)
                              main.o (__do_clear_bss)
c:/program files (x86)/atmel/studio/7.0/toolchain/avr8/avr8-gnu-toolchain/bin/../lib/gcc/avr/5.4.0/../../../../avr/lib/avr5\libc.a(setjmp.o)
                              TinyTimber.o (setjmp)

Allocating common symbols
Common symbol       size              file

otable              0x24              TinyTimber.o
threads             0x74              TinyTimber.o
mtable              0x24              TinyTimber.o
thread0             0x1d              TinyTimber.o
messages            0xf0              TinyTimber.o
stacks              0x180             TinyTimber.o

Discarded input sections

 .data          0x00000000        0x0 C:/Program Files (x86)/Atmel/Studio/7.0/Packs/atmel/ATmega_DFP/1.7.374/gcc/dev/atmega169p/avr5/crtatmega169p.o
 .bss           0x00000000        0x0 C:/Program Files (x86)/Atmel/Studio/7.0/Packs/atmel/ATmega_DFP/1.7.374/gcc/dev/atmega169p/avr5/crtatmega169p.o
 .text          0x00000000        0x0 Gui.o
 .data          0x00000000        0x0 Gui.o
 .bss           0x00000000        0x0 Gui.o
 .text          0x00000000        0x0 InputHandler.o
 .data          0x00000000        0x0 InputHandler.o
 .bss           0x00000000        0x0 InputHandler.o
 .text.recievedInterrupt
                0x00000000       0x3c InputHandler.o
 .text          0x00000000        0x0 main.o
 .data          0x00000000        0x0 main.o
 .bss           0x00000000        0x0 main.o
 .text          0x00000000        0x0 State.o
 .data          0x00000000        0x0 State.o
 .bss           0x00000000        0x0 State.o
 .text          0x00000000        0x0 TinyTimber.o
 .data          0x00000000        0x0 TinyTimber.o
 .bss           0x00000000        0x0 TinyTimber.o
 .text.insert   0x00000000       0x14 TinyTimber.o
 .text.push     0x00000000       0x14 TinyTimber.o
 .text.pop      0x00000000       0x14 TinyTimber.o
 .text.T_RESET  0x00000000       0x3a TinyTimber.o
 .text.T_SAMPLE
                0x00000000       0x54 TinyTimber.o
 .text.CURRENT_OFFSET
                0x00000000       0xa2 TinyTimber.o
 .text          0x00000000        0x0 TrafficLight.o
 .data          0x00000000        0x0 TrafficLight.o
 .bss           0x00000000        0x0 TrafficLight.o
 .text          0x00000000        0x0 Utility.o
 .data          0x00000000        0x0 Utility.o
 .bss           0x00000000        0x0 Utility.o
 .text          0x00000000        0x0 Writer.o
 .data          0x00000000        0x0 Writer.o
 .bss           0x00000000        0x0 Writer.o
 .text          0x00000000        0x0 c:/program files (x86)/atmel/studio/7.0/toolchain/avr8/avr8-gnu-toolchain/bin/../lib/gcc/avr/5.4.0/avr5\libgcc.a(_exit.o)
 .data          0x00000000        0x0 c:/program files (x86)/atmel/studio/7.0/toolchain/avr8/avr8-gnu-toolchain/bin/../lib/gcc/avr/5.4.0/avr5\libgcc.a(_exit.o)
 .bss           0x00000000        0x0 c:/program files (x86)/atmel/studio/7.0/toolchain/avr8/avr8-gnu-toolchain/bin/../lib/gcc/avr/5.4.0/avr5\libgcc.a(_exit.o)
 .text.libgcc.mul
                0x00000000        0x0 c:/program files (x86)/atmel/studio/7.0/toolchain/avr8/avr8-gnu-toolchain/bin/../lib/gcc/avr/5.4.0/avr5\libgcc.a(_exit.o)
 .text.libgcc.div
                0x00000000        0x0 c:/program files (x86)/atmel/studio/7.0/toolchain/avr8/avr8-gnu-toolchain/bin/../lib/gcc/avr/5.4.0/avr5\libgcc.a(_exit.o)
 .text.libgcc   0x00000000        0x0 c:/program files (x86)/atmel/studio/7.0/toolchain/avr8/avr8-gnu-toolchain/bin/../lib/gcc/avr/5.4.0/avr5\libgcc.a(_exit.o)
 .text.libgcc.prologue
                0x00000000        0x0 c:/program files (x86)/atmel/studio/7.0/toolchain/avr8/avr8-gnu-toolchain/bin/../lib/gcc/avr/5.4.0/avr5\libgcc.a(_exit.o)
 .text.libgcc.builtins
                0x00000000        0x0 c:/program files (x86)/atmel/studio/7.0/toolchain/avr8/avr8-gnu-toolchain/bin/../lib/gcc/avr/5.4.0/avr5\libgcc.a(_exit.o)
 .text.libgcc.fmul
                0x00000000        0x0 c:/program files (x86)/atmel/studio/7.0/toolchain/avr8/avr8-gnu-toolchain/bin/../lib/gcc/avr/5.4.0/avr5\libgcc.a(_exit.o)
 .text.libgcc.fixed
                0x00000000        0x0 c:/program files (x86)/atmel/studio/7.0/toolchain/avr8/avr8-gnu-toolchain/bin/../lib/gcc/avr/5.4.0/avr5\libgcc.a(_exit.o)
 .text          0x00000000        0x0 c:/program files (x86)/atmel/studio/7.0/toolchain/avr8/avr8-gnu-toolchain/bin/../lib/gcc/avr/5.4.0/avr5\libgcc.a(_copy_data.o)
 .data          0x00000000        0x0 c:/program files (x86)/atmel/studio/7.0/toolchain/avr8/avr8-gnu-toolchain/bin/../lib/gcc/avr/5.4.0/avr5\libgcc.a(_copy_data.o)
 .bss           0x00000000        0x0 c:/program files (x86)/atmel/studio/7.0/toolchain/avr8/avr8-gnu-toolchain/bin/../lib/gcc/avr/5.4.0/avr5\libgcc.a(_copy_data.o)
 .text.libgcc.mul
                0x00000000        0x0 c:/program files (x86)/atmel/studio/7.0/toolchain/avr8/avr8-gnu-toolchain/bin/../lib/gcc/avr/5.4.0/avr5\libgcc.a(_copy_data.o)
 .text.libgcc.div
                0x00000000        0x0 c:/program files (x86)/atmel/studio/7.0/toolchain/avr8/avr8-gnu-toolchain/bin/../lib/gcc/avr/5.4.0/avr5\libgcc.a(_copy_data.o)
 .text.libgcc   0x00000000        0x0 c:/program files (x86)/atmel/studio/7.0/toolchain/avr8/avr8-gnu-toolchain/bin/../lib/gcc/avr/5.4.0/avr5\libgcc.a(_copy_data.o)
 .text.libgcc.prologue
                0x00000000        0x0 c:/program files (x86)/atmel/studio/7.0/toolchain/avr8/avr8-gnu-toolchain/bin/../lib/gcc/avr/5.4.0/avr5\libgcc.a(_copy_data.o)
 .text.libgcc.builtins
                0x00000000        0x0 c:/program files (x86)/atmel/studio/7.0/toolchain/avr8/avr8-gnu-toolchain/bin/../lib/gcc/avr/5.4.0/avr5\libgcc.a(_copy_data.o)
 .text.libgcc.fmul
                0x00000000        0x0 c:/program files (x86)/atmel/studio/7.0/toolchain/avr8/avr8-gnu-toolchain/bin/../lib/gcc/avr/5.4.0/avr5\libgcc.a(_copy_data.o)
 .text.libgcc.fixed
                0x00000000        0x0 c:/program files (x86)/atmel/studio/7.0/toolchain/avr8/avr8-gnu-toolchain/bin/../lib/gcc/avr/5.4.0/avr5\libgcc.a(_copy_data.o)
 .text          0x00000000        0x0 c:/program files (x86)/atmel/studio/7.0/toolchain/avr8/avr8-gnu-toolchain/bin/../lib/gcc/avr/5.4.0/avr5\libgcc.a(_clear_bss.o)
 .data          0x00000000        0x0 c:/program files (x86)/atmel/studio/7.0/toolchain/avr8/avr8-gnu-toolchain/bin/../lib/gcc/avr/5.4.0/avr5\libgcc.a(_clear_bss.o)
 .bss           0x00000000        0x0 c:/program files (x86)/atmel/studio/7.0/toolchain/avr8/avr8-gnu-toolchain/bin/../lib/gcc/avr/5.4.0/avr5\libgcc.a(_clear_bss.o)
 .text.libgcc.mul
                0x00000000        0x0 c:/program files (x86)/atmel/studio/7.0/toolchain/avr8/avr8-gnu-toolchain/bin/../lib/gcc/avr/5.4.0/avr5\libgcc.a(_clear_bss.o)
 .text.libgcc.div
                0x00000000        0x0 c:/program files (x86)/atmel/studio/7.0/toolchain/avr8/avr8-gnu-toolchain/bin/../lib/gcc/avr/5.4.0/avr5\libgcc.a(_clear_bss.o)
 .text.libgcc   0x00000000        0x0 c:/program files (x86)/atmel/studio/7.0/toolchain/avr8/avr8-gnu-toolchain/bin/../lib/gcc/avr/5.4.0/avr5\libgcc.a(_clear_bss.o)
 .text.libgcc.prologue
                0x00000000        0x0 c:/program files (x86)/atmel/studio/7.0/toolchain/avr8/avr8-gnu-toolchain/bin/../lib/gcc/avr/5.4.0/avr5\libgcc.a(_clear_bss.o)
 .text.libgcc.builtins
                0x00000000        0x0 c:/program files (x86)/atmel/studio/7.0/toolchain/avr8/avr8-gnu-toolchain/bin/../lib/gcc/avr/5.4.0/avr5\libgcc.a(_clear_bss.o)
 .text.libgcc.fmul
                0x00000000        0x0 c:/program files (x86)/atmel/studio/7.0/toolchain/avr8/avr8-gnu-toolchain/bin/../lib/gcc/avr/5.4.0/avr5\libgcc.a(_clear_bss.o)
 .text.libgcc.fixed
                0x00000000        0x0 c:/program files (x86)/atmel/studio/7.0/toolchain/avr8/avr8-gnu-toolchain/bin/../lib/gcc/avr/5.4.0/avr5\libgcc.a(_clear_bss.o)
 .text          0x00000000        0x0 c:/program files (x86)/atmel/studio/7.0/toolchain/avr8/avr8-gnu-toolchain/bin/../lib/gcc/avr/5.4.0/../../../../avr/lib/avr5\libc.a(setjmp.o)
 .data          0x00000000        0x0 c:/program files (x86)/atmel/studio/7.0/toolchain/avr8/avr8-gnu-toolchain/bin/../lib/gcc/avr/5.4.0/../../../../avr/lib/avr5\libc.a(setjmp.o)
 .bss           0x00000000        0x0 c:/program files (x86)/atmel/studio/7.0/toolchain/avr8/avr8-gnu-toolchain/bin/../lib/gcc/avr/5.4.0/../../../../avr/lib/avr5\libc.a(setjmp.o)

Memory Configuration

Name             Origin             Length             Attributes
text             0x00000000         0x00004000         xr
data             0x00800100         0x00000400         rw !x
eeprom           0x00810000         0x00000200         rw !x
fuse             0x00820000         0x00000003         rw !x
lock             0x00830000         0x00000400         rw !x
signature        0x00840000         0x00000400         rw !x
user_signatures  0x00850000         0x00000400         rw !x
*default*        0x00000000         0xffffffff

Linker script and memory map

Address of section .data set to 0x800100
LOAD C:/Program Files (x86)/Atmel/Studio/7.0/Packs/atmel/ATmega_DFP/1.7.374/gcc/dev/atmega169p/avr5/crtatmega169p.o
LOAD Gui.o
LOAD InputHandler.o
LOAD main.o
LOAD State.o
LOAD TinyTimber.o
LOAD TrafficLight.o
LOAD Utility.o
LOAD Writer.o
START GROUP
LOAD c:/program files (x86)/atmel/studio/7.0/toolchain/avr8/avr8-gnu-toolchain/bin/../lib/gcc/avr/5.4.0/../../../../avr/lib/avr5\libm.a
END GROUP
START GROUP
LOAD c:/program files (x86)/atmel/studio/7.0/toolchain/avr8/avr8-gnu-toolchain/bin/../lib/gcc/avr/5.4.0/avr5\libgcc.a
LOAD c:/program files (x86)/atmel/studio/7.0/toolchain/avr8/avr8-gnu-toolchain/bin/../lib/gcc/avr/5.4.0/../../../../avr/lib/avr5\libm.a
LOAD c:/program files (x86)/atmel/studio/7.0/toolchain/avr8/avr8-gnu-toolchain/bin/../lib/gcc/avr/5.4.0/../../../../avr/lib/avr5\libc.a
LOAD C:/Program Files (x86)/Atmel/Studio/7.0/Packs/atmel/ATmega_DFP/1.7.374/gcc/dev/atmega169p/avr5\libatmega169p.a
END GROUP
                0x00000000                __TEXT_REGION_ORIGIN__ = DEFINED (__TEXT_REGION_ORIGIN__)?__TEXT_REGION_ORIGIN__:0x0
                [0x00800100]                __DATA_REGION_ORIGIN__ = DEFINED (__DATA_REGION_ORIGIN__)?__DATA_REGION_ORIGIN__:0x800060
                [0x00004000]                __TEXT_REGION_LENGTH__ = DEFINED (__TEXT_REGION_LENGTH__)?__TEXT_REGION_LENGTH__:0x20000
                [0x00000400]                __DATA_REGION_LENGTH__ = DEFINED (__DATA_REGION_LENGTH__)?__DATA_REGION_LENGTH__:0xffa0
                [0x00000200]                __EEPROM_REGION_LENGTH__ = DEFINED (__EEPROM_REGION_LENGTH__)?__EEPROM_REGION_LENGTH__:0x10000
                [0x00000003]                __FUSE_REGION_LENGTH__ = DEFINED (__FUSE_REGION_LENGTH__)?__FUSE_REGION_LENGTH__:0x400
                0x00000400                __LOCK_REGION_LENGTH__ = DEFINED (__LOCK_REGION_LENGTH__)?__LOCK_REGION_LENGTH__:0x400
                0x00000400                __SIGNATURE_REGION_LENGTH__ = DEFINED (__SIGNATURE_REGION_LENGTH__)?__SIGNATURE_REGION_LENGTH__:0x400
                0x00000400                __USER_SIGNATURE_REGION_LENGTH__ = DEFINED (__USER_SIGNATURE_REGION_LENGTH__)?__USER_SIGNATURE_REGION_LENGTH__:0x400

.hash
 *(.hash)

.dynsym
 *(.dynsym)

.dynstr
 *(.dynstr)

.gnu.version
 *(.gnu.version)

.gnu.version_d
 *(.gnu.version_d)

.gnu.version_r
 *(.gnu.version_r)

.rel.init
 *(.rel.init)

.rela.init
 *(.rela.init)

.rel.text
 *(.rel.text)
 *(.rel.text.*)
 *(.rel.gnu.linkonce.t*)

.rela.text
 *(.rela.text)
 *(.rela.text.*)
 *(.rela.gnu.linkonce.t*)

.rel.fini
 *(.rel.fini)

.rela.fini
 *(.rela.fini)

.rel.rodata
 *(.rel.rodata)
 *(.rel.rodata.*)
 *(.rel.gnu.linkonce.r*)

.rela.rodata
 *(.rela.rodata)
 *(.rela.rodata.*)
 *(.rela.gnu.linkonce.r*)

.rel.data
 *(.rel.data)
 *(.rel.data.*)
 *(.rel.gnu.linkonce.d*)

.rela.data
 *(.rela.data)
 *(.rela.data.*)
 *(.rela.gnu.linkonce.d*)

.rel.ctors
 *(.rel.ctors)

.rela.ctors
 *(.rela.ctors)

.rel.dtors
 *(.rel.dtors)

.rela.dtors
 *(.rela.dtors)

.rel.got
 *(.rel.got)

.rela.got
 *(.rela.got)

.rel.bss
 *(.rel.bss)

.rela.bss
 *(.rela.bss)

.rel.plt
 *(.rel.plt)

.rela.plt
 *(.rela.plt)

.text           0x00000000     0x23dc
 *(.vectors)
 .vectors       0x00000000       0x5c C:/Program Files (x86)/Atmel/Studio/7.0/Packs/atmel/ATmega_DFP/1.7.374/gcc/dev/atmega169p/avr5/crtatmega169p.o
                0x00000000                __vector_default
                0x00000000                __vectors
 *(.vectors)
 *(.progmem.gcc*)
                0x0000005c                . = ALIGN (0x2)
                0x0000005c                __trampolines_start = .
 *(.trampolines)
 .trampolines   0x0000005c        0x0 linker stubs
 *(.trampolines*)
                0x0000005c                __trampolines_end = .
 *libprintf_flt.a:*(.progmem.data)
 *libc.a:*(.progmem.data)
 *(.progmem*)
                0x0000005c                . = ALIGN (0x2)
 *(.jumptables)
 *(.jumptables*)
 *(.lowtext)
 *(.lowtext*)
                0x0000005c                __ctors_start = .
 *(.ctors)
                0x0000005c                __ctors_end = .
                0x0000005c                __dtors_start = .
 *(.dtors)
                0x0000005c                __dtors_end = .
 SORT(*)(.ctors)
 SORT(*)(.dtors)
 *(.init0)
 .init0         0x0000005c        0x0 C:/Program Files (x86)/Atmel/Studio/7.0/Packs/atmel/ATmega_DFP/1.7.374/gcc/dev/atmega169p/avr5/crtatmega169p.o
                0x0000005c                __init
 *(.init0)
 *(.init1)
 *(.init1)
 *(.init2)
 .init2         0x0000005c        0xc C:/Program Files (x86)/Atmel/Studio/7.0/Packs/atmel/ATmega_DFP/1.7.374/gcc/dev/atmega169p/avr5/crtatmega169p.o
 *(.init2)
 *(.init3)
 *(.init3)
 *(.init4)
 .init4         0x00000068       0x16 c:/program files (x86)/atmel/studio/7.0/toolchain/avr8/avr8-gnu-toolchain/bin/../lib/gcc/avr/5.4.0/avr5\libgcc.a(_copy_data.o)
                0x00000068                __do_copy_data
 .init4         0x0000007e       0x10 c:/program files (x86)/atmel/studio/7.0/toolchain/avr8/avr8-gnu-toolchain/bin/../lib/gcc/avr/5.4.0/avr5\libgcc.a(_clear_bss.o)
                0x0000007e                __do_clear_bss
 *(.init4)
 *(.init5)
 *(.init5)
 *(.init6)
 *(.init6)
 *(.init7)
 *(.init7)
 *(.init8)
 *(.init8)
 *(.init9)
 .init9         0x0000008e        0x8 C:/Program Files (x86)/Atmel/Studio/7.0/Packs/atmel/ATmega_DFP/1.7.374/gcc/dev/atmega169p/avr5/crtatmega169p.o
 *(.init9)
 *(.text)
 .text          0x00000096        0x4 C:/Program Files (x86)/Atmel/Studio/7.0/Packs/atmel/ATmega_DFP/1.7.374/gcc/dev/atmega169p/avr5/crtatmega169p.o
                0x00000096                __vector_6
                0x00000096                __vector_8
                0x00000096                __bad_interrupt
                0x0000009a                . = ALIGN (0x2)
 *(.text.*)
 .text.writeChar
                0x0000009a       0xb0 Gui.o
                0x0000009a                writeChar
 .text.printAt  0x0000014a       0x6c Gui.o
                0x0000014a                printAt
 .text.switchActive
                0x000001b6       0x32 Gui.o
                0x000001b6                switchActive
 .text.readObserver
                0x000001e8       0xec InputHandler.o
                0x000001e8                readObserver
 .text.main     0x000002d4       0x90 main.o
                0x000002d4                main
 .text.sendNext
                0x00000364       0x54 State.o
                0x00000364                sendNext
 .text.initialize
                0x000003b8       0x3c State.o
                0x000003b8                initialize
 .text.startCrossing
                0x000003f4       0xfa State.o
                0x000003f4                startCrossing
 .text.changeLights
                0x000004ee       0xae State.o
                0x000004ee                changeLights
 .text.carArrived
                0x0000059c      0x104 State.o
                0x0000059c                carArrived
 .text.timeout  0x000006a0      0x13a State.o
                0x000006a0                timeout
 .text.hasCrossed
                0x000007da       0xa0 State.o
                0x000007da                hasCrossed
 .text.remove   0x0000087a       0x58 TinyTimber.o
 .text.initialize
                0x000008d2       0xd6 TinyTimber.o
 .text.dispatch
                0x000009a8       0x40 TinyTimber.o
 .text.schedule
                0x000009e8       0x76 TinyTimber.o
 .text.__vector_1
                0x00000a5e       0xd8 TinyTimber.o
                0x00000a5e                __vector_1
 .text.__vector_2
                0x00000b36       0xd8 TinyTimber.o
                0x00000b36                __vector_2
 .text.__vector_3
                0x00000c0e       0xd8 TinyTimber.o
                0x00000c0e                __vector_3
 .text.__vector_4
                0x00000ce6       0xd8 TinyTimber.o
                0x00000ce6                __vector_4
 .text.__vector_5
                0x00000dbe       0xd8 TinyTimber.o
                0x00000dbe                __vector_5
 .text.__vector_10
                0x00000e96       0xd8 TinyTimber.o
                0x00000e96                __vector_10
 .text.__vector_11
                0x00000f6e       0xd8 TinyTimber.o
                0x00000f6e                __vector_11
 .text.__vector_12
                0x00001046       0xd8 TinyTimber.o
                0x00001046                __vector_12
 .text.__vector_13
                0x0000111e       0xd8 TinyTimber.o
                0x0000111e                __vector_13
 .text.__vector_14
                0x000011f6       0xd8 TinyTimber.o
                0x000011f6                __vector_14
 .text.__vector_15
                0x000012ce       0xd8 TinyTimber.o
                0x000012ce                __vector_15
 .text.__vector_16
                0x000013a6       0xd8 TinyTimber.o
                0x000013a6                __vector_16
 .text.__vector_17
                0x0000147e       0xd8 TinyTimber.o
                0x0000147e                __vector_17
 .text.__vector_18
                0x00001556       0xd8 TinyTimber.o
                0x00001556                __vector_18
 .text.__vector_19
                0x0000162e       0xd8 TinyTimber.o
                0x0000162e                __vector_19
 .text.__vector_20
                0x00001706       0xd8 TinyTimber.o
                0x00001706                __vector_20
 .text.__vector_21
                0x000017de       0xd8 TinyTimber.o
                0x000017de                __vector_21
 .text.__vector_22
                0x000018b6       0xd8 TinyTimber.o
                0x000018b6                __vector_22
 .text.enqueueByDeadline
                0x0000198e       0x86 TinyTimber.o
                0x0000198e                enqueueByDeadline
 .text.enqueueByBaseline
                0x00001a14       0x86 TinyTimber.o
                0x00001a14                enqueueByBaseline
 .text.dequeue  0x00001a9a       0x50 TinyTimber.o
                0x00001a9a                dequeue
 .text.__vector_9
                0x00001aea       0xa4 TinyTimber.o
                0x00001aea                __vector_9
 .text.__vector_7
                0x00001b8e      0x16a TinyTimber.o
                0x00001b8e                __vector_7
 .text.async    0x00001cf8      0x222 TinyTimber.o
                0x00001cf8                async
 .text.sync     0x00001f1a      0x11a TinyTimber.o
                0x00001f1a                sync
 .text.run      0x00002034       0xdc TinyTimber.o
 .text.ABORT    0x00002110       0xa2 TinyTimber.o
                0x00002110                ABORT
 .text.install  0x000021b2       0x34 TinyTimber.o
                0x000021b2                install
 .text.tinytimber
                0x000021e6       0x38 TinyTimber.o
                0x000021e6                tinytimber
 .text.setLamp  0x0000221e       0x56 TrafficLight.o
                0x0000221e                setLamp
 .text.getLamp  0x00002274        0x8 TrafficLight.o
                0x00002274                getLamp
 .text.initUtil
                0x0000227c       0x5a Utility.o
                0x0000227c                initUtil
 .text.sendChar
                0x000022d6       0x58 Writer.o
                0x000022d6                sendChar
 .text.getChar  0x0000232e       0x10 Writer.o
                0x0000232e                getChar
 .text.updateNorth
                0x0000233e        0xc Writer.o
                0x0000233e                updateNorth
 .text.updateSouth
                0x0000234a        0xc Writer.o
                0x0000234a                updateSouth
 .text.avr-libc
                0x00002356       0x82 c:/program files (x86)/atmel/studio/7.0/toolchain/avr8/avr8-gnu-toolchain/bin/../lib/gcc/avr/5.4.0/../../../../avr/lib/avr5\libc.a(setjmp.o)
                0x00002356                setjmp
                0x00002396                longjmp
                0x000023d8                . = ALIGN (0x2)
 *(.fini9)
 .fini9         0x000023d8        0x0 c:/program files (x86)/atmel/studio/7.0/toolchain/avr8/avr8-gnu-toolchain/bin/../lib/gcc/avr/5.4.0/avr5\libgcc.a(_exit.o)
                0x000023d8                _exit
                0x000023d8                exit
 *(.fini9)
 *(.fini8)
 *(.fini8)
 *(.fini7)
 *(.fini7)
 *(.fini6)
 *(.fini6)
 *(.fini5)
 *(.fini5)
 *(.fini4)
 *(.fini4)
 *(.fini3)
 *(.fini3)
 *(.fini2)
 *(.fini2)
 *(.fini1)
 *(.fini1)
 *(.fini0)
 .fini0         0x000023d8        0x4 c:/program files (x86)/atmel/studio/7.0/toolchain/avr8/avr8-gnu-toolchain/bin/../lib/gcc/avr/5.4.0/avr5\libgcc.a(_exit.o)
 *(.fini0)
                0x000023dc                _etext = .

.data           0x00800100       0x46 load address 0x000023dc
                0x00800100                PROVIDE (__data_start, .)
 *(.data)
 *(.data*)
 .data.sccMap   0x00800100       0x16 Gui.o
                0x00800100                sccMap
 .data.SL       0x00800116        0xc main.o
                0x00800116                SL
 .data.NL       0x00800122        0xc main.o
                0x00800122                NL
 .data.gui      0x0080012e        0xf main.o
                0x0080012e                gui
 .data.current  0x0080013d        0x2 TinyTimber.o
                0x0080013d                current
 .data.activeStack
                0x0080013f        0x2 TinyTimber.o
                0x0080013f                activeStack
 .data.threadPool
                0x00800141        0x2 TinyTimber.o
                0x00800141                threadPool
 .data.msgPool  0x00800143        0x2 TinyTimber.o
                0x00800143                msgPool
 *(.gnu.linkonce.d*)
 *(.rodata)
 *(.rodata*)
 *(.gnu.linkonce.r*)
                0x00800146                . = ALIGN (0x2)
 *fill*         0x00800145        0x1 
                0x00800146                _edata = .
                0x00800146                PROVIDE (__data_end, .)

.bss            0x00800146      0x37f
                0x00800146                PROVIDE (__bss_start, .)
 *(.bss)
 *(.bss*)
 .bss.writer    0x00800146        0x8 main.o
                0x00800146                writer
 .bss.inputHandler
                0x0080014e        0x8 main.o
                0x0080014e                inputHandler
 .bss.state     0x00800156       0x18 main.o
                0x00800156                state
 .bss.utility   0x0080016e        0x4 main.o
                0x0080016e                utility
 .bss.overflows
                0x00800172        0x2 TinyTimber.o
                0x00800172                overflows
 .bss.timestamp
                0x00800174        0x4 TinyTimber.o
                0x00800174                timestamp
 .bss.timerQ    0x00800178        0x2 TinyTimber.o
                0x00800178                timerQ
 .bss.msgQ      0x0080017a        0x2 TinyTimber.o
                0x0080017a                msgQ
 *(COMMON)
 COMMON         0x0080017c      0x349 TinyTimber.o
                0x0080017c                otable
                0x008001a0                threads
                0x00800214                mtable
                0x00800238                thread0
                0x00800255                messages
                0x00800345                stacks
                0x008004c5                PROVIDE (__bss_end, .)
                0x000023dc                __data_load_start = LOADADDR (.data)
                0x00002422                __data_load_end = (__data_load_start + SIZEOF (.data))

.noinit         0x008004c5        0x0
                [!provide]                PROVIDE (__noinit_start, .)
 *(.noinit*)
                [!provide]                PROVIDE (__noinit_end, .)
                0x008004c5                _end = .
                [!provide]                PROVIDE (__heap_start, .)

.eeprom         0x00810000        0x0
 *(.eeprom*)
                0x00810000                __eeprom_end = .

.fuse
 *(.fuse)
 *(.lfuse)
 *(.hfuse)
 *(.efuse)

.lock
 *(.lock*)

.signature
 *(.signature*)

.user_signatures
 *(.user_signatures*)

.stab
 *(.stab)

.stabstr
 *(.stabstr)

.stab.excl
 *(.stab.excl)

.stab.exclstr
 *(.stab.exclstr)

.stab.index
 *(.stab.index)

.stab.indexstr
 *(.stab.indexstr)

.comment        0x00000000       0x30
 *(.comment)
 .comment       0x00000000       0x30 Gui.o
                                 0x31 (size before relaxing)
 .comment       0x00000030       0x31 InputHandler.o
 .comment       0x00000030       0x31 main.o
 .comment       0x00000030       0x31 State.o
 .comment       0x00000030       0x31 TinyTimber.o
 .comment       0x00000030       0x31 TrafficLight.o
 .comment       0x00000030       0x31 Utility.o
 .comment       0x00000030       0x31 Writer.o

.note.gnu.avr.deviceinfo
                0x00000000       0x40
 .note.gnu.avr.deviceinfo
                0x00000000       0x40 C:/Program Files (x86)/Atmel/Studio/7.0/Packs/atmel/ATmega_DFP/1.7.374/gcc/dev/atmega169p/avr5/crtatmega169p.o

.note.gnu.build-id
 *(.note.gnu.build-id)

.debug
 *(.debug)

.line
 *(.line)

.debug_srcinfo
 *(.debug_srcinfo)

.debug_sfnames
 *(.debug_sfnames)

.debug_aranges  0x00000000      0x298
 *(.debug_aranges)
 .debug_aranges
                0x00000000       0x30 Gui.o
 .debug_aranges
                0x00000030       0x28 InputHandler.o
 .debug_aranges
                0x00000058       0x20 main.o
 .debug_aranges
                0x00000078       0x50 State.o
 .debug_aranges
                0x000000c8      0x150 TinyTimber.o
 .debug_aranges
                0x00000218       0x28 TrafficLight.o
 .debug_aranges
                0x00000240       0x20 Utility.o
 .debug_aranges
                0x00000260       0x38 Writer.o

.debug_pubnames
 *(.debug_pubnames)

.debug_info     0x00000000     0x3529
 *(.debug_info .gnu.linkonce.wi.*)
 .debug_info    0x00000000      0x7b6 C:/Program Files (x86)/Atmel/Studio/7.0/Packs/atmel/ATmega_DFP/1.7.374/gcc/dev/atmega169p/avr5/crtatmega169p.o
 .debug_info    0x000007b6      0x2b8 Gui.o
 .debug_info    0x00000a6e      0x4f7 InputHandler.o
 .debug_info    0x00000f65      0x4ac main.o
 .debug_info    0x00001411      0x9b2 State.o
 .debug_info    0x00001dc3     0x11df TinyTimber.o
 .debug_info    0x00002fa2      0x276 TrafficLight.o
 .debug_info    0x00003218      0x111 Utility.o
 .debug_info    0x00003329      0x200 Writer.o

.debug_abbrev   0x00000000     0x133e
 *(.debug_abbrev)
 .debug_abbrev  0x00000000      0x74b C:/Program Files (x86)/Atmel/Studio/7.0/Packs/atmel/ATmega_DFP/1.7.374/gcc/dev/atmega169p/avr5/crtatmega169p.o
 .debug_abbrev  0x0000074b      0x152 Gui.o
 .debug_abbrev  0x0000089d      0x133 InputHandler.o
 .debug_abbrev  0x000009d0      0x153 main.o
 .debug_abbrev  0x00000b23      0x154 State.o
 .debug_abbrev  0x00000c77      0x40e TinyTimber.o
 .debug_abbrev  0x00001085      0x12e TrafficLight.o
 .debug_abbrev  0x000011b3       0xae Utility.o
 .debug_abbrev  0x00001261       0xdd Writer.o

.debug_line     0x00000000     0x1a1f
 *(.debug_line .debug_line.* .debug_line_end)
 .debug_line    0x00000000      0x122 C:/Program Files (x86)/Atmel/Studio/7.0/Packs/atmel/ATmega_DFP/1.7.374/gcc/dev/atmega169p/avr5/crtatmega169p.o
 .debug_line    0x00000122      0x175 Gui.o
 .debug_line    0x00000297      0x167 InputHandler.o
 .debug_line    0x000003fe      0x156 main.o
 .debug_line    0x00000554      0x38e State.o
 .debug_line    0x000008e2      0xd85 TinyTimber.o
 .debug_line    0x00001667      0x118 TrafficLight.o
 .debug_line    0x0000177f      0x11f Utility.o
 .debug_line    0x0000189e      0x181 Writer.o

.debug_frame    0x00000000      0xc80
 *(.debug_frame)
 .debug_frame   0x00000000       0x6c Gui.o
 .debug_frame   0x0000006c       0x84 InputHandler.o
 .debug_frame   0x000000f0       0x30 main.o
 .debug_frame   0x00000120      0x148 State.o
 .debug_frame   0x00000268      0x958 TinyTimber.o
 .debug_frame   0x00000bc0       0x48 TrafficLight.o
 .debug_frame   0x00000c08       0x24 Utility.o
 .debug_frame   0x00000c2c       0x54 Writer.o

.debug_str      0x00000000      0xa2d
 *(.debug_str)
 .debug_str     0x00000000      0x2b3 C:/Program Files (x86)/Atmel/Studio/7.0/Packs/atmel/ATmega_DFP/1.7.374/gcc/dev/atmega169p/avr5/crtatmega169p.o
 .debug_str     0x000002b3      0x1dc Gui.o
                                0x215 (size before relaxing)
 .debug_str     0x0000048f       0xe6 InputHandler.o
                                0x29b (size before relaxing)
 .debug_str     0x00000575      0x151 main.o
                                0x392 (size before relaxing)
 .debug_str     0x000006c6       0x71 State.o
                                0x2b4 (size before relaxing)
 .debug_str     0x00000737      0x278 TinyTimber.o
                                0x580 (size before relaxing)
 .debug_str     0x000009af       0x24 TrafficLight.o
                                0x203 (size before relaxing)
 .debug_str     0x000009d3       0x14 Utility.o
                                0x1c7 (size before relaxing)
 .debug_str     0x000009e7       0x46 Writer.o
                                0x20b (size before relaxing)

.debug_loc      0x00000000     0x2bf7
 *(.debug_loc)
 .debug_loc     0x00000000      0x2e7 Gui.o
 .debug_loc     0x000002e7      0x177 InputHandler.o
 .debug_loc     0x0000045e       0x2f main.o
 .debug_loc     0x0000048d      0x5d0 State.o
 .debug_loc     0x00000a5d     0x1fb1 TinyTimber.o
 .debug_loc     0x00002a0e       0xdd TrafficLight.o
 .debug_loc     0x00002aeb       0x26 Utility.o
 .debug_loc     0x00002b11       0xe6 Writer.o

.debug_macinfo
 *(.debug_macinfo)

.debug_weaknames
 *(.debug_weaknames)

.debug_funcnames
 *(.debug_funcnames)

.debug_typenames
 *(.debug_typenames)

.debug_varnames
 *(.debug_varnames)

.debug_pubtypes
 *(.debug_pubtypes)

.debug_ranges   0x00000000      0x218
 *(.debug_ranges)
 .debug_ranges  0x00000000       0x20 Gui.o
 .debug_ranges  0x00000020       0x18 InputHandler.o
 .debug_ranges  0x00000038       0x10 main.o
 .debug_ranges  0x00000048       0x40 State.o
 .debug_ranges  0x00000088      0x140 TinyTimber.o
 .debug_ranges  0x000001c8       0x18 TrafficLight.o
 .debug_ranges  0x000001e0       0x10 Utility.o
 .debug_ranges  0x000001f0       0x28 Writer.o

.debug_macro
 *(.debug_macro)
OUTPUT(GccApplication1.elf elf32-avr)
LOAD linker stubs
